// Jest Snapshot v1, https://goo.gl/fbAQLP

exports[`should generatee an expense dashboard page 1`] = `
<div>
  <Connect(ExpenseList) />
</div>
`;
