// Jest Snapshot v1, https://goo.gl/fbAQLP

exports[`pulling up not found page 1`] = `
<div>
  404 NOT FOUND! - 
  <Link
    replace={false}
    to="/"
  >
    Home
  </Link>
</div>
`;
